Archive member included because of file (symbol)

c:/siliconlabs/simplicitystudio/v3/developer/toolchains/gnu_arm/4.8_2013q4/bin/../lib/gcc/arm-none-eabi/4.8.3/armv7-m\libgcc.a(_arm_addsubsf3.o)
                              ./Drivers/vddcheck.o (__aeabi_fsub)
c:/siliconlabs/simplicitystudio/v3/developer/toolchains/gnu_arm/4.8_2013q4/bin/../lib/gcc/arm-none-eabi/4.8.3/armv7-m\libgcc.a(_arm_muldivsf3.o)
                              ./Drivers/vddcheck.o (__aeabi_fdiv)
c:/siliconlabs/simplicitystudio/v3/developer/toolchains/gnu_arm/4.8_2013q4/bin/../lib/gcc/arm-none-eabi/4.8.3/armv7-m\libgcc.a(_arm_fixunssfsi.o)
                              ./Drivers/vddcheck.o (__aeabi_f2uiz)
c:/siliconlabs/simplicitystudio/v3/developer/toolchains/gnu_arm/4.8_2013q4/bin/../lib/gcc/arm-none-eabi/4.8.3/armv7-m\libgcc.a(_aeabi_uldivmod.o)
                              ./Drivers/rtcdriver.o (__aeabi_uldivmod)
c:/siliconlabs/simplicitystudio/v3/developer/toolchains/gnu_arm/4.8_2013q4/bin/../lib/gcc/arm-none-eabi/4.8.3/armv7-m\libgcc.a(bpabi.o)
                              c:/siliconlabs/simplicitystudio/v3/developer/toolchains/gnu_arm/4.8_2013q4/bin/../lib/gcc/arm-none-eabi/4.8.3/armv7-m\libgcc.a(_aeabi_uldivmod.o) (__gnu_uldivmod_helper)
c:/siliconlabs/simplicitystudio/v3/developer/toolchains/gnu_arm/4.8_2013q4/bin/../lib/gcc/arm-none-eabi/4.8.3/armv7-m\libgcc.a(_dvmd_tls.o)
                              c:/siliconlabs/simplicitystudio/v3/developer/toolchains/gnu_arm/4.8_2013q4/bin/../lib/gcc/arm-none-eabi/4.8.3/armv7-m\libgcc.a(_aeabi_uldivmod.o) (__aeabi_ldiv0)
c:/siliconlabs/simplicitystudio/v3/developer/toolchains/gnu_arm/4.8_2013q4/bin/../lib/gcc/arm-none-eabi/4.8.3/armv7-m\libgcc.a(_divdi3.o)
                              c:/siliconlabs/simplicitystudio/v3/developer/toolchains/gnu_arm/4.8_2013q4/bin/../lib/gcc/arm-none-eabi/4.8.3/armv7-m\libgcc.a(bpabi.o) (__divdi3)
c:/siliconlabs/simplicitystudio/v3/developer/toolchains/gnu_arm/4.8_2013q4/bin/../lib/gcc/arm-none-eabi/4.8.3/armv7-m\libgcc.a(_udivdi3.o)
                              c:/siliconlabs/simplicitystudio/v3/developer/toolchains/gnu_arm/4.8_2013q4/bin/../lib/gcc/arm-none-eabi/4.8.3/armv7-m\libgcc.a(bpabi.o) (__udivdi3)
c:/siliconlabs/simplicitystudio/v3/developer/toolchains/gnu_arm/4.8_2013q4/bin/../lib/gcc/arm-none-eabi/4.8.3/../../../../arm-none-eabi/lib/armv7-m\libc_s.a(lib_a-abs.o)
                              ./Drivers/segmentlcd.o (abs)
c:/siliconlabs/simplicitystudio/v3/developer/toolchains/gnu_arm/4.8_2013q4/bin/../lib/gcc/arm-none-eabi/4.8.3/../../../../arm-none-eabi/lib/armv7-m\libc_s.a(lib_a-exit.o)
                              c:/siliconlabs/simplicitystudio/v3/developer/toolchains/gnu_arm/4.8_2013q4/bin/../lib/gcc/arm-none-eabi/4.8.3/../../../../arm-none-eabi/lib/armv7-m/crt0.o (exit)
c:/siliconlabs/simplicitystudio/v3/developer/toolchains/gnu_arm/4.8_2013q4/bin/../lib/gcc/arm-none-eabi/4.8.3/../../../../arm-none-eabi/lib/armv7-m\libc_s.a(lib_a-impure.o)
                              c:/siliconlabs/simplicitystudio/v3/developer/toolchains/gnu_arm/4.8_2013q4/bin/../lib/gcc/arm-none-eabi/4.8.3/../../../../arm-none-eabi/lib/armv7-m\libc_s.a(lib_a-exit.o) (_global_impure_ptr)
c:/siliconlabs/simplicitystudio/v3/developer/toolchains/gnu_arm/4.8_2013q4/bin/../lib/gcc/arm-none-eabi/4.8.3/../../../../arm-none-eabi/lib/armv7-m\libc_s.a(lib_a-init.o)
                              c:/siliconlabs/simplicitystudio/v3/developer/toolchains/gnu_arm/4.8_2013q4/bin/../lib/gcc/arm-none-eabi/4.8.3/../../../../arm-none-eabi/lib/armv7-m/crt0.o (__libc_init_array)
c:/siliconlabs/simplicitystudio/v3/developer/toolchains/gnu_arm/4.8_2013q4/bin/../lib/gcc/arm-none-eabi/4.8.3/../../../../arm-none-eabi/lib/armv7-m\libc_s.a(lib_a-memset.o)
                              c:/siliconlabs/simplicitystudio/v3/developer/toolchains/gnu_arm/4.8_2013q4/bin/../lib/gcc/arm-none-eabi/4.8.3/../../../../arm-none-eabi/lib/armv7-m/crt0.o (memset)
c:/siliconlabs/simplicitystudio/v3/developer/toolchains/gnu_arm/4.8_2013q4/bin/../lib/gcc/arm-none-eabi/4.8.3/../../../../arm-none-eabi/lib/armv7-m\libc_s.a(lib_a-rand.o)
                              ./src/Bambihazi.o (rand)
c:/siliconlabs/simplicitystudio/v3/developer/toolchains/gnu_arm/4.8_2013q4/bin/../lib/gcc/arm-none-eabi/4.8.3/../../../../arm-none-eabi/lib/armv7-m\libc_s.a(lib_a-strlen.o)
                              ./Drivers/segmentlcd.o (strlen)
c:/siliconlabs/simplicitystudio/v3/developer/toolchains/gnu_arm/4.8_2013q4/bin/../lib/gcc/arm-none-eabi/4.8.3/../../../../arm-none-eabi/lib/armv7-m\libc_s.a(lib_a-strncpy.o)
                              ./src/Bambihazi.o (strncpy)
c:/siliconlabs/simplicitystudio/v3/developer/toolchains/gnu_arm/4.8_2013q4/bin/../lib/gcc/arm-none-eabi/4.8.3/../../../../arm-none-eabi/lib/armv7-m\libc_s.a(lib_a-malloc.o)
[...]
Memory Configuration

Name             Origin             Length             Attributes
FLASH            0x00000000         0x00100000         xr
RAM              0x20000000         0x00020000         xrw
*default*        0x00000000         0xffffffff

Linker script and memory map

LOAD c:/siliconlabs/simplicitystudio/v3/developer/toolchains/gnu_arm/4.8_2013q4/bin/../lib/gcc/arm-none-eabi/4.8.3/armv7-m/crti.o
LOAD c:/siliconlabs/simplicitystudio/v3/developer/toolchains/gnu_arm/4.8_2013q4/bin/../lib/gcc/arm-none-eabi/4.8.3/armv7-m/crtbegin.o
LOAD c:/siliconlabs/simplicitystudio/v3/developer/toolchains/gnu_arm/4.8_2013q4/bin/../lib/gcc/arm-none-eabi/4.8.3/../../../../arm-none-eabi/lib/armv7-m/crt0.o
LOAD ./src/Bambihazi.o
LOAD ./src/InitDevice.o
LOAD ./emlib/em_acmp.o
LOAD ./emlib/em_assert.o
LOAD ./emlib/em_cmu.o
LOAD ./emlib/em_emu.o
LOAD ./emlib/em_gpio.o
LOAD ./emlib/em_int.o
LOAD ./emlib/em_lcd.o
LOAD ./emlib/em_lesense.o
LOAD ./emlib/em_rtc.o
LOAD ./emlib/em_system.o
LOAD ./emlib/em_vcmp.o
LOAD ./Drivers/caplesense.o
LOAD ./Drivers/rtcdriver.o
LOAD ./Drivers/segmentlcd.o
LOAD ./Drivers/vddcheck.o
LOAD ./CMSIS/efm32gg/startup_gcc_efm32gg.o
LOAD ./CMSIS/efm32gg/system_efm32gg.o
START GROUP
LOAD c:/siliconlabs/simplicitystudio/v3/developer/toolchains/gnu_arm/4.8_2013q4/bin/../lib/gcc/arm-none-eabi/4.8.3/armv7-m\libgcc.a
LOAD c:/siliconlabs/simplicitystudio/v3/developer/toolchains/gnu_arm/4.8_2013q4/bin/../lib/gcc/arm-none-eabi/4.8.3/../../../../arm-none-eabi/lib/armv7-m\libc_s.a
LOAD c:/siliconlabs/simplicitystudio/v3/developer/toolchains/gnu_arm/4.8_2013q4/bin/../lib/gcc/arm-none-eabi/4.8.3/../../../../arm-none-eabi/lib/armv7-m\libnosys.a
END GROUP
START GROUP
LOAD c:/siliconlabs/simplicitystudio/v3/developer/toolchains/gnu_arm/4.8_2013q4/bin/../lib/gcc/arm-none-eabi/4.8.3/armv7-m\libgcc.a
LOAD c:/siliconlabs/simplicitystudio/v3/developer/toolchains/gnu_arm/4.8_2013q4/bin/../lib/gcc/arm-none-eabi/4.8.3/../../../../arm-none-eabi/lib/armv7-m\libg_s.a
LOAD c:/siliconlabs/simplicitystudio/v3/developer/toolchains/gnu_arm/4.8_2013q4/bin/../lib/gcc/arm-none-eabi/4.8.3/../../../../arm-none-eabi/lib/armv7-m\libc_s.a
END GROUP
START GROUP
LOAD c:/siliconlabs/simplicitystudio/v3/developer/toolchains/gnu_arm/4.8_2013q4/bin/../lib/gcc/arm-none-eabi/4.8.3/armv7-m\libgcc.a
LOAD c:/siliconlabs/simplicitystudio/v3/developer/toolchains/gnu_arm/4.8_2013q4/bin/../lib/gcc/arm-none-eabi/4.8.3/../../../../arm-none-eabi/lib/armv7-m\libc_s.a
END GROUP
LOAD c:/siliconlabs/simplicitystudio/v3/developer/toolchains/gnu_arm/4.8_2013q4/bin/../lib/gcc/arm-none-eabi/4.8.3/armv7-m/crtend.o
LOAD c:/siliconlabs/simplicitystudio/v3/developer/toolchains/gnu_arm/4.8_2013q4/bin/../lib/gcc/arm-none-eabi/4.8.3/armv7-m/crtn.o

.text           0x00000000     0x55cc
 *(.vectors)
 .vectors       0x00000000       0xdc ./CMSIS/efm32gg/startup_gcc_efm32gg.o
                0x00000000                __Vectors
                0x000000dc                __Vectors_End = .
                0x000000dc                __Vectors_Size = (__Vectors_End - __Vectors)
                0x000000dc                __end__ = .
 *(.text*)
 .text          0x000000dc       0x54 c:/siliconlabs/simplicitystudio/v3/developer/toolchains/gnu_arm/4.8_2013q4/bin/../lib/gcc/arm-none-eabi/4.8.3/armv7-m/crtbegin.o
 .text          0x00000130       0x74 c:/siliconlabs/simplicitystudio/v3/developer/toolchains/gnu_arm/4.8_2013q4/bin/../lib/gcc/arm-none-eabi/4.8.3/../../../../arm-none-eabi/lib/armv7-m/crt0.o
                0x00000130                _start
                0x00000130                _mainCRTStartup
 .text.NVIC_EnableIRQ
                0x000001a4       0x30 ./src/Bambihazi.o
 .text.NVIC_DisableIRQ
                0x000001d4       0x34 ./src/Bambihazi.o
 .text.GPIO_IntClear
                0x00000208       0x20 ./src/Bambihazi.o
 .text.GPIO_IntConfig
                0x00000228       0x2c ./src/Bambihazi.o
 .text.CHIP_Init
                0x00000254       0x40 ./src/Bambihazi.o
 .text.capSenseAringUpdate
                0x00000294       0x6c ./src/Bambihazi.o
                0x00000294                capSenseAringUpdate
 .text.capSenseBasketUpdate
                0x00000300       0x98 ./src/Bambihazi.o
                0x00000300                capSenseBasketUpdate
 .text.GPIO_EVEN_IRQHandler
                0x00000398       0xcc ./src/Bambihazi.o
                0x00000398                GPIO_EVEN_IRQHandler
 .text.RTC_expired
                0x00000464       0x14 ./src/Bambihazi.o
                0x00000464                RTC_expired
 .text.dropNewBanana
                0x00000478       0x78 ./src/Bambihazi.o
                0x00000478                dropNewBanana
 .text.bananaCaught
                0x000004f0       0x9c ./src/Bambihazi.o
                0x000004f0                bananaCaught
 .text.displayBananas
                0x0000058c       0xb4 ./src/Bambihazi.o
                0x0000058c                displayBananas
 .text.clearScreen
                0x00000640       0x68 ./src/Bambihazi.o
                0x00000640                clearScreen
 .text.shiftString
                0x000006a8       0x84 ./src/Bambihazi.o
                0x000006a8                shiftString
 .text.main     0x0000072c       0xe4 ./src/Bambihazi.o
                0x0000072c                main
 .text.enter_DefaultMode_from_RESET
                0x00000810       0x18 ./src/InitDevice.o
                0x00000810                enter_DefaultMode_from_RESET
 .text.HFXO_enter_DefaultMode_from_RESET
                0x00000828       0x2c ./src/InitDevice.o
                0x00000828                HFXO_enter_DefaultMode_from_RESET
 .text.CMU_enter_DefaultMode_from_RESET
                0x00000854       0x5c ./src/InitDevice.o
                0x00000854                CMU_enter_DefaultMode_from_RESET
 .text.RTC_enter_DefaultMode_from_RESET
                0x000008b0       0x2c ./src/InitDevice.o
                0x000008b0                RTC_enter_DefaultMode_from_RESET
 .text.PORTIO_enter_DefaultMode_from_RESET
                0x000008dc       0x2c ./src/InitDevice.o
                0x000008dc                PORTIO_enter_DefaultMode_from_RESET
 .text.BUS_RegBitWrite
                0x00000908       0x2c ./emlib/em_acmp.o
 .text.BUS_RegMaskedWrite
                0x00000934       0x28 ./emlib/em_acmp.o
 .text.ACMP_CapsenseInit
                0x0000095c       0x8c ./emlib/em_acmp.o
                0x0000095c                ACMP_CapsenseInit
 .text.ACMP_GPIOSetup
                0x000009e8       0x4c ./emlib/em_acmp.o
                0x000009e8                ACMP_GPIOSetup
 .text.BUS_RegBitWrite
                0x00000a34       0x2c ./emlib/em_cmu.o
 .text.BUS_RegBitRead
                0x00000a60       0x2c ./emlib/em_cmu.o
 .text.CMU_DivToLog2
                0x00000a8c       0x34 ./emlib/em_cmu.o
 .text.SYSTEM_GetProdRev
                0x00000ac0       0x1c ./emlib/em_cmu.o
 .text.SYSTEM_GetFamily
                0x00000adc       0x20 ./emlib/em_cmu.o
 .text.maxFreqHfle
                0x00000afc       0x78 ./emlib/em_cmu.o
 .text.setHfLeConfig
                0x00000b74       0x3c ./emlib/em_cmu.o
 .text.getHfLeConfig
                0x00000bb0       0x2c ./emlib/em_cmu.o
 .text.auxClkGet
                0x00000bdc       0xb0 ./emlib/em_cmu.o
 .text.dbgClkGet
                0x00000c8c       0x40 ./emlib/em_cmu.o
 .text.flashWaitStateControl
                0x00000ccc       0xb8 ./emlib/em_cmu.o
 .text.flashWaitStateMax
                0x00000d84       0x14 ./emlib/em_cmu.o
 .text.lfClkGet
                0x00000d98       0xec ./emlib/em_cmu.o
 .text.syncReg  0x00000e84       0x34 ./emlib/em_cmu.o
 .text.usbCClkGet
                0x00000eb8       0x4c ./emlib/em_cmu.o
 .text.CMU_ClockDivSet
                0x00000f04      0x230 ./emlib/em_cmu.o
                0x00000f04                CMU_ClockDivSet
 .text.CMU_ClockEnable
                0x00001134       0xd8 ./emlib/em_cmu.o
                0x00001134                CMU_ClockEnable
 .text.CMU_ClockFreqGet
                0x0000120c      0x1d8 ./emlib/em_cmu.o
                0x0000120c                CMU_ClockFreqGet
 .text.CMU_ClockSelectGet
                0x000013e4      0x15c ./emlib/em_cmu.o
                0x000013e4                CMU_ClockSelectGet
 .text.CMU_ClockSelectSet
                0x00001540      0x2b8 ./emlib/em_cmu.o
                0x00001540                CMU_ClockSelectSet
 .text.CMU_LCDClkFDIVSet
                0x000017f8       0x3c ./emlib/em_cmu.o
                0x000017f8                CMU_LCDClkFDIVSet
 .text.CMU_OscillatorEnable
                0x00001834       0xc0 ./emlib/em_cmu.o
                0x00001834                CMU_OscillatorEnable
 .text.EMU_UpdateOscConfig
                0x000018f4       0x1c ./emlib/em_emu.o
                0x000018f4                EMU_UpdateOscConfig
 .text.BUS_RegBitWrite
                0x00001910       0x2c ./emlib/em_gpio.o
 .text.BUS_RegMaskedWrite
                0x0000193c       0x28 ./emlib/em_gpio.o
 .text.GPIO_PinOutClear
                0x00001964       0x58 ./emlib/em_gpio.o
 .text.GPIO_PinOutSet
                0x000019bc       0x58 ./emlib/em_gpio.o
 .text.GPIO_DriveModeSet
                0x00001a14       0x70 ./emlib/em_gpio.o
                0x00001a14                GPIO_DriveModeSet
 .text.GPIO_ExtIntConfig
                0x00001a84       0xcc ./emlib/em_gpio.o
                0x00001a84                GPIO_ExtIntConfig
 .text.GPIO_PinModeSet
                0x00001b50      0x110 ./emlib/em_gpio.o
                0x00001b50                GPIO_PinModeSet
 .text.LCD_Enable
                0x00001c60       0x38 ./emlib/em_lcd.o
 .text.BUS_RegBitWrite
                0x00001c98       0x2c ./emlib/em_lcd.o
 .text.LCD_Init
                0x00001cc4       0x70 ./emlib/em_lcd.o
                0x00001cc4                LCD_Init
 .text.LCD_VLCDSelect
                0x00001d34       0x44 ./emlib/em_lcd.o
                0x00001d34                LCD_VLCDSelect
 .text.LCD_SegmentRangeEnable
                0x00001d78       0x40 ./emlib/em_lcd.o
                0x00001d78                LCD_SegmentRangeEnable
 .text.LCD_SegmentSet
                0x00001db8      0x1e4 ./emlib/em_lcd.o
                0x00001db8                LCD_SegmentSet
 .text.LCD_SegmentSetLow
                0x00001f9c      0x17c ./emlib/em_lcd.o
                0x00001f9c                LCD_SegmentSetLow
 .text.LCD_SegmentSetHigh
                0x00002118      0x17c ./emlib/em_lcd.o
                0x00002118                LCD_SegmentSetHigh
 .text.LCD_VBoostSet
                0x00002294       0x28 ./emlib/em_lcd.o
                0x00002294                LCD_VBoostSet
 .text.BUS_RegBitWrite
                0x000022bc       0x2c ./emlib/em_lesense.o
 .text.LESENSE_Init
                0x000022e8      0x168 ./emlib/em_lesense.o
                0x000022e8                LESENSE_Init
 .text.LESENSE_ScanFreqSet
                0x00002450       0xbc ./emlib/em_lesense.o
                0x00002450                LESENSE_ScanFreqSet
 .text.LESENSE_ScanModeSet
                0x0000250c       0x3c ./emlib/em_lesense.o
                0x0000250c                LESENSE_ScanModeSet
 .text.LESENSE_StartDelaySet
                0x00002548       0x34 ./emlib/em_lesense.o
                0x00002548                LESENSE_StartDelaySet
 .text.LESENSE_ClkDivSet
                0x0000257c       0x60 ./emlib/em_lesense.o
                0x0000257c                LESENSE_ClkDivSet
 .text.LESENSE_ChannelAllConfig
                0x000025dc       0x30 ./emlib/em_lesense.o
                0x000025dc                LESENSE_ChannelAllConfig
 .text.LESENSE_ChannelConfig
                0x0000260c      0x168 ./emlib/em_lesense.o
                0x0000260c                LESENSE_ChannelConfig
 .text.LESENSE_ChannelTimingSet
                0x00002774       0x38 ./emlib/em_lesense.o
                0x00002774                LESENSE_ChannelTimingSet
 .text.LESENSE_ChannelThresSet
                0x000027ac       0x78 ./emlib/em_lesense.o
                0x000027ac                LESENSE_ChannelThresSet
 .text.LESENSE_DecoderStateSet
                0x00002824       0x20 ./emlib/em_lesense.o
                0x00002824                LESENSE_DecoderStateSet
 .text.LESENSE_ScanStart
                0x00002844       0x34 ./emlib/em_lesense.o
                0x00002844                LESENSE_ScanStart
 .text.LESENSE_ScanStop
                0x00002878       0x34 ./emlib/em_lesense.o
                0x00002878                LESENSE_ScanStop
 .text.LESENSE_ResultBufferClear
                0x000028ac       0x34 ./emlib/em_lesense.o
                0x000028ac                LESENSE_ResultBufferClear
 .text.LESENSE_Reset
                0x000028e0       0xec ./emlib/em_lesense.o
                0x000028e0                LESENSE_Reset
 .text.BUS_RegBitWrite
                0x000029cc       0x2c ./emlib/em_rtc.o
 .text.RTC_CompareGet
                0x000029f8       0x3c ./emlib/em_rtc.o
                0x000029f8                RTC_CompareGet
 .text.RTC_CompareSet
                0x00002a34       0x4c ./emlib/em_rtc.o
                0x00002a34                RTC_CompareSet
 .text.RTC_Enable
                0x00002a80       0x20 ./emlib/em_rtc.o
                0x00002a80                RTC_Enable
 .text.RTC_Init
                0x00002aa0       0x50 ./emlib/em_rtc.o
                0x00002aa0                RTC_Init
 .text.RTC_CounterReset
                0x00002af0       0x14 ./emlib/em_rtc.o
                0x00002af0                RTC_CounterReset
 .text.SYSTEM_ChipRevisionGet
                0x00002b04       0x74 ./emlib/em_system.o
                0x00002b04                SYSTEM_ChipRevisionGet
 .text.NVIC_EnableIRQ
                0x00002b78       0x30 ./Drivers/caplesense.o
 .text.SystemCoreClockUpdate
                0x00002ba8        0xc ./Drivers/caplesense.o
 .text.INT_Disable
                0x00002bb4       0x2c ./Drivers/caplesense.o
 .text.INT_Enable
                0x00002be0       0x3c ./Drivers/caplesense.o
 .text.LESENSE_StatusGet
                0x00002c1c       0x18 ./Drivers/caplesense.o
 .text.LESENSE_ScanResultDataGet
                0x00002c34       0x18 ./Drivers/caplesense.o
 .text.LESENSE_ScanResultDataBufferGet
                0x00002c4c       0x28 ./Drivers/caplesense.o
 .text.LESENSE_IntClear
                0x00002c74       0x1c ./Drivers/caplesense.o
 .text.LESENSE_IntEnable
                0x00002c90       0x24 ./Drivers/caplesense.o
 .text.LESENSE_IntDisable
                0x00002cb4       0x24 ./Drivers/caplesense.o
 .text.LESENSE_IntGetEnabled
                0x00002cd8       0x24 ./Drivers/caplesense.o
 .text.CAPLESENSE_setupCMU
                0x00002cfc       0x7c ./Drivers/caplesense.o
                0x00002cfc                CAPLESENSE_setupCMU
 .text.CAPLESENSE_setupGPIO
                0x00002d78       0x40 ./Drivers/caplesense.o
                0x00002d78                CAPLESENSE_setupGPIO
 .text.CAPLESENSE_setupACMP
                0x00002db8       0x3c ./Drivers/caplesense.o
                0x00002db8                CAPLESENSE_setupACMP
 .text.CAPLESENSE_setupLESENSE
                0x00002df4      0x194 ./Drivers/caplesense.o
                0x00002df4                CAPLESENSE_setupLESENSE
 .text.LESENSE_IRQHandler
                0x00002f88       0xdc ./Drivers/caplesense.o
                0x00002f88                LESENSE_IRQHandler
 .text.CAPLESENSE_getSliderPosition
                0x00003064      0x160 ./Drivers/caplesense.o
                0x00003064                CAPLESENSE_getSliderPosition
 .text.CAPLESENSE_Init
                0x000031c4       0x2c ./Drivers/caplesense.o
                0x000031c4                CAPLESENSE_Init
 .text.NVIC_EnableIRQ
                0x000031f0       0x30 ./Drivers/rtcdriver.o
 .text.NVIC_ClearPendingIRQ
                0x00003220       0x34 ./Drivers/rtcdriver.o
 .text.INT_Disable
                0x00003254       0x2c ./Drivers/rtcdriver.o
 .text.INT_Enable
                0x00003280       0x3c ./Drivers/rtcdriver.o
 .text.RTC_CounterGet
                0x000032bc       0x18 ./Drivers/rtcdriver.o
 .text.RTC_IntClear
                0x000032d4       0x1c ./Drivers/rtcdriver.o
 .text.RTC_IntDisable
                0x000032f0       0x24 ./Drivers/rtcdriver.o
 .text.RTC_IntEnable
                0x00003314       0x24 ./Drivers/rtcdriver.o
 .text.RTC_IntGet
                0x00003338       0x18 ./Drivers/rtcdriver.o
 .text.RTCDRV_AllocateTimer
                0x00003350       0x88 ./Drivers/rtcdriver.o
                0x00003350                RTCDRV_AllocateTimer
 .text.RTCDRV_Init
                0x000033d8       0xa0 ./Drivers/rtcdriver.o
                0x000033d8                RTCDRV_Init
 .text.RTCDRV_StartTimer
                0x00003478      0x344 ./Drivers/rtcdriver.o
                0x00003478                RTCDRV_StartTimer
 .text.RTCDRV_StopTimer
                0x000037bc       0x68 ./Drivers/rtcdriver.o
                0x000037bc                RTCDRV_StopTimer
 .text.RTC_IRQHandler
                0x00003824       0xa4 ./Drivers/rtcdriver.o
                0x00003824                RTC_IRQHandler
 .text.checkAllTimers
                0x000038c8      0x2a8 ./Drivers/rtcdriver.o
 .text.executeTimerCallbacks
                0x00003b70       0x64 ./Drivers/rtcdriver.o
 .text.rescheduleRtc
                0x00003bd4      0x10c ./Drivers/rtcdriver.o
 .text.LCD_FreezeEnable
                0x00003ce0       0x2c ./Drivers/segmentlcd.o
 .text.LCD_SyncBusyDelay
                0x00003d0c       0x24 ./Drivers/segmentlcd.o
 .text.LCD_IntDisable
                0x00003d30       0x24 ./Drivers/segmentlcd.o
 .text.SegmentLCD_AllOff
                0x00003d54       0xac ./Drivers/segmentlcd.o
                0x00003d54                SegmentLCD_AllOff
 .text.SegmentLCD_AlphaNumberOff
                0x00003e00       0xa8 ./Drivers/segmentlcd.o
                0x00003e00                SegmentLCD_AlphaNumberOff
 .text.SegmentLCD_ARing
                0x00003ea8       0x54 ./Drivers/segmentlcd.o
                0x00003ea8                SegmentLCD_ARing
 .text.SegmentLCD_Init
                0x00003efc       0xb8 ./Drivers/segmentlcd.o
                0x00003efc                SegmentLCD_Init
 .text.SegmentLCD_Number
                0x00003fb4      0x124 ./Drivers/segmentlcd.o
                0x00003fb4                SegmentLCD_Number
 .text.SegmentLCD_NumberOff
                0x000040d8       0x50 ./Drivers/segmentlcd.o
                0x000040d8                SegmentLCD_NumberOff
 .text.SegmentLCD_Symbol
                0x00004128      0x130 ./Drivers/segmentlcd.o
                0x00004128                SegmentLCD_Symbol
 .text.SegmentLCD_Write
                0x00004258       0xd8 ./Drivers/segmentlcd.o
                0x00004258                SegmentLCD_Write
 .text.displaySegmentField
                0x00004330       0xa4 ./Drivers/segmentlcd.o
                0x00004330                displaySegmentField
 .text          0x000043d4       0x30 ./CMSIS/efm32gg/startup_gcc_efm32gg.o
                0x000043d4                Reset_Handler
                0x00004400                DebugMon_Handler
                0x00004400                USART0_TX_IRQHandler
                0x00004400                I2C0_IRQHandler
                0x00004400                HardFault_Handler
                0x00004400                LEUART1_IRQHandler
                0x00004400                SysTick_Handler
                0x00004400                USART1_RX_IRQHandler
                0x00004400                PendSV_Handler
                0x00004400                NMI_Handler
                0x00004400                I2C1_IRQHandler
                0x00004400                TIMER3_IRQHandler
                0x00004400                USART1_TX_IRQHandler
                0x00004400                MSC_IRQHandler
                0x00004400                ADC0_IRQHandler
                0x00004400                UsageFault_Handler
                0x00004400                LEUART0_IRQHandler
                0x00004400                UART0_TX_IRQHandler
                0x00004400                UART1_TX_IRQHandler
                0x00004400                TIMER0_IRQHandler
                0x00004400                TIMER2_IRQHandler
                0x00004400                LCD_IRQHandler
                0x00004400                PCNT2_IRQHandler
                0x00004400                UART0_RX_IRQHandler
                0x00004400                LETIMER0_IRQHandler
                0x00004400                TIMER1_IRQHandler
                0x00004400                USART2_RX_IRQHandler
                0x00004400                Default_Handler
                0x00004400                EMU_IRQHandler
                0x00004400                PCNT0_IRQHandler
                0x00004400                USB_IRQHandler
                0x00004400                BURTC_IRQHandler
                0x00004400                PCNT1_IRQHandler
                0x00004400                ACMP0_IRQHandler
                0x00004400                USART0_RX_IRQHandler
                0x00004400                MemManage_Handler
                0x00004400                SVC_Handler
                0x00004400                DAC0_IRQHandler
                0x00004400                UART1_RX_IRQHandler
                0x00004400                CMU_IRQHandler
                0x00004400                EBI_IRQHandler
                0x00004400                GPIO_ODD_IRQHandler
                0x00004400                AES_IRQHandler
                0x00004400                VCMP_IRQHandler
                0x00004400                DMA_IRQHandler
                0x00004400                BusFault_Handler
                0x00004400                USART2_TX_IRQHandler
 .text.GetProdRev
                0x00004404       0x1c ./CMSIS/efm32gg/system_efm32gg.o
 .text.SystemCoreClockGet
                0x00004420       0x34 ./CMSIS/efm32gg/system_efm32gg.o
                0x00004420                SystemCoreClockGet
 .text.SystemMaxCoreClockGet
                0x00004454       0x14 ./CMSIS/efm32gg/system_efm32gg.o
                0x00004454                SystemMaxCoreClockGet
 .text.SystemHFClockGet
                0x00004468      0x100 ./CMSIS/efm32gg/system_efm32gg.o
                0x00004468                SystemHFClockGet
 .text.SystemHFXOClockGet
                0x00004568       0x18 ./CMSIS/efm32gg/system_efm32gg.o
                0x00004568                SystemHFXOClockGet
 .text.SystemHFXOClockSet
                0x00004580       0x2c ./CMSIS/efm32gg/system_efm32gg.o
                0x00004580                SystemHFXOClockSet
 .text.SystemInit
                0x000045ac        0xc ./CMSIS/efm32gg/system_efm32gg.o
                0x000045ac                SystemInit
 .text.SystemLFRCOClockGet
                0x000045b8       0x14 ./CMSIS/efm32gg/system_efm32gg.o
                0x000045b8                SystemLFRCOClockGet
 .text.SystemULFRCOClockGet
                0x000045cc       0x14 ./CMSIS/efm32gg/system_efm32gg.o
                0x000045cc                SystemULFRCOClockGet
 .text.SystemLFXOClockGet
                0x000045e0       0x18 ./CMSIS/efm32gg/system_efm32gg.o
                0x000045e0                SystemLFXOClockGet
 .text          0x000045f8       0x2c c:/siliconlabs/simplicitystudio/v3/developer/toolchains/gnu_arm/4.8_2013q4/bin/../lib/gcc/arm-none-eabi/4.8.3/armv7-m\libgcc.a(_aeabi_uldivmod.o)
                0x000045f8                __aeabi_uldivmod
 .text          0x00004624       0x60 c:/siliconlabs/simplicitystudio/v3/developer/toolchains/gnu_arm/4.8_2013q4/bin/../lib/gcc/arm-none-eabi/4.8.3/armv7-m\libgcc.a(bpabi.o)
                0x00004624                __gnu_ldivmod_helper
                0x00004654                __gnu_uldivmod_helper
 .text          0x00004684        0x4 c:/siliconlabs/simplicitystudio/v3/developer/toolchains/gnu_arm/4.8_2013q4/bin/../lib/gcc/arm-none-eabi/4.8.3/armv7-m\libgcc.a(_dvmd_tls.o)
                0x00004684                __aeabi_idiv0
                0x00004684                __aeabi_ldiv0
 .text          0x00004688      0x2a0 c:/siliconlabs/simplicitystudio/v3/developer/toolchains/gnu_arm/4.8_2013q4/bin/../lib/gcc/arm-none-eabi/4.8.3/armv7-m\libgcc.a(_divdi3.o)
                0x00004688                __divdi3
 .text          0x00004928      0x290 c:/siliconlabs/simplicitystudio/v3/developer/toolchains/gnu_arm/4.8_2013q4/bin/../lib/gcc/arm-none-eabi/4.8.3/armv7-m\libgcc.a(_udivdi3.o)
                0x00004928                __udivdi3
 .text.abs      0x00004bb8        0x8 c:/siliconlabs/simplicitystudio/v3/developer/toolchains/gnu_arm/4.8_2013q4/bin/../lib/gcc/arm-none-eabi/4.8.3/../../../../arm-none-eabi/lib/armv7-m\libc_s.a(lib_a-abs.o)
                0x00004bb8                abs
 .text.exit     0x00004bc0       0x28 c:/siliconlabs/simplicitystudio/v3/developer/toolchains/gnu_arm/4.8_2013q4/bin/../lib/gcc/arm-none-eabi/4.8.3/../../../../arm-none-eabi/lib/armv7-m\libc_s.a(lib_a-exit.o)
                0x00004bc0                exit
 .text.__libc_init_array
                0x00004be8       0x4c c:/siliconlabs/simplicitystudio/v3/developer/toolchains/gnu_arm/4.8_2013q4/bin/../lib/gcc/arm-none-eabi/4.8.3/../../../../arm-none-eabi/lib/armv7-m\libc_s.a(lib_a-init.o)
                0x00004be8                __libc_init_array
 .text.memset   0x00004c34       0x10 c:/siliconlabs/simplicitystudio/v3/developer/toolchains/gnu_arm/4.8_2013q4/bin/../lib/gcc/arm-none-eabi/4.8.3/../../../../arm-none-eabi/lib/armv7-m\libc_s.a(lib_a-memset.o)
                0x00004c34                memset
 .text.rand     0x00004c44       0x74 c:/siliconlabs/simplicitystudio/v3/developer/toolchains/gnu_arm/4.8_2013q4/bin/../lib/gcc/arm-none-eabi/4.8.3/../../../../arm-none-eabi/lib/armv7-m\libc_s.a(lib_a-rand.o)
                0x00004c44                rand
 .text.strlen   0x00004cb8       0x10 c:/siliconlabs/simplicitystudio/v3/developer/toolchains/gnu_arm/4.8_2013q4/bin/../lib/gcc/arm-none-eabi/4.8.3/../../../../arm-none-eabi/lib/armv7-m\libc_s.a(lib_a-strlen.o)
                0x00004cb8                strlen
 .text.strncpy  0x00004cc8       0x24 c:/siliconlabs/simplicitystudio/v3/developer/toolchains/gnu_arm/4.8_2013q4/bin/../lib/gcc/arm-none-eabi/4.8.3/../../../../arm-none-eabi/lib/armv7-m\libc_s.a(lib_a-strncpy.o)
                0x00004cc8                strncpy
 .text.malloc   0x00004cec       0x10 c:/siliconlabs/simplicitystudio/v3/developer/toolchains/gnu_arm/4.8_2013q4/bin/../lib/gcc/arm-none-eabi/4.8.3/../../../../arm-none-eabi/lib/armv7-m\libc_s.a(lib_a-malloc.o)
                0x00004cec                malloc
 .text._malloc_r
                0x00004cfc       0xa8 c:/siliconlabs/simplicitystudio/v3/developer/toolchains/gnu_arm/4.8_2013q4/bin/../lib/gcc/arm-none-eabi/4.8.3/../../../../arm-none-eabi/lib/armv7-m\libc_s.a(lib_a-nano-mallocr.o)
                0x00004cfc                _malloc_r
 .text._sbrk_r  0x00004da4       0x20 c:/siliconlabs/simplicitystudio/v3/developer/toolchains/gnu_arm/4.8_2013q4/bin/../lib/gcc/arm-none-eabi/4.8.3/../../../../arm-none-eabi/lib/armv7-m\libc_s.a(lib_a-sbrkr.o)
                0x00004da4                _sbrk_r
 .text._sbrk    0x00004dc4       0x34 c:/siliconlabs/simplicitystudio/v3/developer/toolchains/gnu_arm/4.8_2013q4/bin/../lib/gcc/arm-none-eabi/4.8.3/../../../../arm-none-eabi/lib/armv7-m\libnosys.a(sbrk.o)
                0x00004dc4                _sbrk
 .text._exit    0x00004df8        0x4 c:/siliconlabs/simplicitystudio/v3/developer/toolchains/gnu_arm/4.8_2013q4/bin/../lib/gcc/arm-none-eabi/4.8.3/../../../../arm-none-eabi/lib/armv7-m\libnosys.a(_exit.o)
                0x00004df8                _exit
 *(.init)
 .init          0x00004dfc        0x4 c:/siliconlabs/simplicitystudio/v3/developer/toolchains/gnu_arm/4.8_2013q4/bin/../lib/gcc/arm-none-eabi/4.8.3/armv7-m/crti.o
                0x00004dfc                _init
 .init          0x00004e00        0x8 c:/siliconlabs/simplicitystudio/v3/developer/toolchains/gnu_arm/4.8_2013q4/bin/../lib/gcc/arm-none-eabi/4.8.3/armv7-m/crtn.o
 *(.fini)
 .fini          0x00004e08        0x4 c:/siliconlabs/simplicitystudio/v3/developer/toolchains/gnu_arm/4.8_2013q4/bin/../lib/gcc/arm-none-eabi/4.8.3/armv7-m/crti.o
                0x00004e08                _fini
 .fini          0x00004e0c        0x8 c:/siliconlabs/simplicitystudio/v3/developer/toolchains/gnu_arm/4.8_2013q4/bin/../lib/gcc/arm-none-eabi/4.8.3/armv7-m/crtn.o
 *crtbegin.o(.ctors)
 *crtbegin?.o(.ctors)
 *(EXCLUDE_FILE(*crtend.o *crtend?.o) .ctors)
 *(SORT(.ctors.*))
 *(.ctors)
 *crtbegin.o(.dtors)
 *crtbegin?.o(.dtors)
 *(EXCLUDE_FILE(*crtend.o *crtend?.o) .dtors)
 *(SORT(.dtors.*))
 *(.dtors)
 *(.rodata*)
 .rodata        0x00004e14       0x24 ./src/Bambihazi.o
 .rodata        0x00004e38        0x4 ./src/InitDevice.o
 .rodata.channelsInUse
                0x00004e3c       0x10 ./Drivers/caplesense.o
 .rodata        0x00004e4c       0x2c ./Drivers/caplesense.o
 .rodata.initACMP.6032
                0x00004e78       0x14 ./Drivers/caplesense.o
 .rodata.initLESENSE.6042
                0x00004e8c       0x40 ./Drivers/caplesense.o
 .rodata.initChsSleep.6041
                0x00004ecc      0x200 ./Drivers/caplesense.o
 .rodata.initChsSense.6040
                0x000050cc      0x200 ./Drivers/caplesense.o
 .rodata.initRTC
                0x000052cc        0x4 ./Drivers/rtcdriver.o
 .rodata.EFM_Display
                0x000052d0      0x200 ./Drivers/segmentlcd.o
 .rodata.EFM_Alphabet
                0x000054d0       0xb8 ./Drivers/segmentlcd.o
 .rodata.EFM_Numbers
                0x00005588       0x24 ./Drivers/segmentlcd.o
 .rodata.lcdInit
                0x000055ac       0x14 ./Drivers/segmentlcd.o
 .rodata.str1.1
                0x000055c0        0x2 c:/siliconlabs/simplicitystudio/v3/developer/toolchains/gnu_arm/4.8_2013q4/bin/../lib/gcc/arm-none-eabi/4.8.3/../../../../arm-none-eabi/lib/armv7-m\libc_s.a(lib_a-impure.o)
 *fill*         0x000055c2        0x2 
 .rodata._global_impure_ptr
                0x000055c4        0x4 c:/siliconlabs/simplicitystudio/v3/developer/toolchains/gnu_arm/4.8_2013q4/bin/../lib/gcc/arm-none-eabi/4.8.3/../../../../arm-none-eabi/lib/armv7-m\libc_s.a(lib_a-impure.o)
                0x000055c4                _global_impure_ptr
 *(.eh_frame*)
 .eh_frame      0x000055c8        0x0 c:/siliconlabs/simplicitystudio/v3/developer/toolchains/gnu_arm/4.8_2013q4/bin/../lib/gcc/arm-none-eabi/4.8.3/armv7-m/crtbegin.o
 .eh_frame      0x000055c8        0x4 c:/siliconlabs/simplicitystudio/v3/developer/toolchains/gnu_arm/4.8_2013q4/bin/../lib/gcc/arm-none-eabi/4.8.3/armv7-m/crtend.o

.glue_7         0x000055cc        0x0
 .glue_7        0x00000000        0x0 linker stubs

.glue_7t        0x000055cc        0x0
 .glue_7t       0x00000000        0x0 linker stubs

.vfp11_veneer   0x000055cc        0x0
 .vfp11_veneer  0x00000000        0x0 linker stubs

.v4_bx          0x000055cc        0x0
 .v4_bx         0x00000000        0x0 linker stubs

.iplt           0x000055cc        0x0
 .iplt          0x00000000        0x0 c:/siliconlabs/simplicitystudio/v3/developer/toolchains/gnu_arm/4.8_2013q4/bin/../lib/gcc/arm-none-eabi/4.8.3/armv7-m/crtbegin.o

.ARM.extab
 *(.ARM.extab* .gnu.linkonce.armextab.*)
                0x000055cc                __exidx_start = .

.ARM.exidx      0x000055cc        0x8
 *(.ARM.exidx* .gnu.linkonce.armexidx.*)
 .ARM.exidx     0x000055cc        0x8 c:/siliconlabs/simplicitystudio/v3/developer/toolchains/gnu_arm/4.8_2013q4/bin/../lib/gcc/arm-none-eabi/4.8.3/../../../../arm-none-eabi/lib/armv7-m/crt0.o
 .ARM.exidx     0x000055d4        0x0 c:/siliconlabs/simplicitystudio/v3/developer/toolchains/gnu_arm/4.8_2013q4/bin/../lib/gcc/arm-none-eabi/4.8.3/armv7-m\libgcc.a(_divdi3.o)
                                  0x8 (size before relaxing)
 .ARM.exidx     0x000055d4        0x0 c:/siliconlabs/simplicitystudio/v3/developer/toolchains/gnu_arm/4.8_2013q4/bin/../lib/gcc/arm-none-eabi/4.8.3/armv7-m\libgcc.a(_udivdi3.o)
                                  0x8 (size before relaxing)
                0x000055d4                __exidx_end = .
                0x000055d4                __etext = .

.rel.dyn        0x000055d4        0x0
 .rel.iplt      0x00000000        0x0 c:/siliconlabs/simplicitystudio/v3/developer/toolchains/gnu_arm/4.8_2013q4/bin/../lib/gcc/arm-none-eabi/4.8.3/armv7-m/crtbegin.o

.data           0x20000000       0xc0 load address 0x000055d4
                0x20000000                __data_start__ = .
 *(vtable)
 *(.data*)
 .data.fallingBananas
                0x20000000        0x4 ./src/Bambihazi.o
                0x20000000                fallingBananas
 .data.channelMaxValues
                0x20000004       0x40 ./Drivers/caplesense.o
 .data.init.6038
                0x20000044        0x1 ./Drivers/caplesense.o
 *fill*         0x20000045        0x3 
 .data.SystemHFXOClock
                0x20000048        0x4 ./CMSIS/efm32gg/system_efm32gg.o
 .data.SystemLFXOClock
                0x2000004c        0x4 ./CMSIS/efm32gg/system_efm32gg.o
 .data.impure_data
                0x20000050       0x60 c:/siliconlabs/simplicitystudio/v3/developer/toolchains/gnu_arm/4.8_2013q4/bin/../lib/gcc/arm-none-eabi/4.8.3/../../../../arm-none-eabi/lib/armv7-m\libc_s.a(lib_a-impure.o)
 .data._impure_ptr
                0x200000b0        0x4 c:/siliconlabs/simplicitystudio/v3/developer/toolchains/gnu_arm/4.8_2013q4/bin/../lib/gcc/arm-none-eabi/4.8.3/../../../../arm-none-eabi/lib/armv7-m\libc_s.a(lib_a-impure.o)
                0x200000b0                _impure_ptr
                0x200000b4                . = ALIGN (0x4)
 *(.ram)
                0x200000b4                . = ALIGN (0x4)
                0x200000b4                PROVIDE (__preinit_array_start, .)
 *(.preinit_array)
                0x200000b4                PROVIDE (__preinit_array_end, .)
                0x200000b4                . = ALIGN (0x4)
                0x200000b4                PROVIDE (__init_array_start, .)
 *(SORT(.init_array.*))
 *(.init_array)
 .init_array    0x200000b4        0x4 c:/siliconlabs/simplicitystudio/v3/developer/toolchains/gnu_arm/4.8_2013q4/bin/../lib/gcc/arm-none-eabi/4.8.3/armv7-m/crtbegin.o
                0x200000b8                PROVIDE (__init_array_end, .)
                0x200000b8                . = ALIGN (0x4)
                0x200000b8                PROVIDE (__fini_array_start, .)
 *(SORT(.fini_array.*))
 *(.fini_array)
 .fini_array    0x200000b8        0x4 c:/siliconlabs/simplicitystudio/v3/developer/toolchains/gnu_arm/4.8_2013q4/bin/../lib/gcc/arm-none-eabi/4.8.3/armv7-m/crtbegin.o
                0x200000bc                PROVIDE (__fini_array_end, .)
 *(.jcr*)
 .jcr           0x200000bc        0x0 c:/siliconlabs/simplicitystudio/v3/developer/toolchains/gnu_arm/4.8_2013q4/bin/../lib/gcc/arm-none-eabi/4.8.3/armv7-m/crtbegin.o
 .jcr           0x200000bc        0x4 c:/siliconlabs/simplicitystudio/v3/developer/toolchains/gnu_arm/4.8_2013q4/bin/../lib/gcc/arm-none-eabi/4.8.3/armv7-m/crtend.o
                0x200000c0                . = ALIGN (0x4)
                0x200000c0                __data_end__ = .

.igot.plt       0x200000c0        0x0 load address 0x00005694
 .igot.plt      0x00000000        0x0 c:/siliconlabs/simplicitystudio/v3/developer/toolchains/gnu_arm/4.8_2013q4/bin/../lib/gcc/arm-none-eabi/4.8.3/armv7-m/crtbegin.o

.bss            0x200000c0       0xf0 load address 0x00005698
                0x200000c0                . = ALIGN (0x4)
                0x200000c0                __bss_start__ = .
 *(.bss*)
 .bss           0x200000c0       0x1c c:/siliconlabs/simplicitystudio/v3/developer/toolchains/gnu_arm/4.8_2013q4/bin/../lib/gcc/arm-none-eabi/4.8.3/armv7-m/crtbegin.o
 .bss.currentState
                0x200000dc        0x1 ./src/Bambihazi.o
 *fill*         0x200000dd        0x3 
 .bss.difficulty
                0x200000e0        0x4 ./src/Bambihazi.o
 .bss.totalBananas
                0x200000e4        0x2 ./src/Bambihazi.o
                0x200000e4                totalBananas
 .bss.caughtBananas
                0x200000e6        0x2 ./src/Bambihazi.o
                0x200000e6                caughtBananas
 .bss.bucketPos
                0x200000e8        0x1 ./src/Bambihazi.o
                0x200000e8                bucketPos
 *fill*         0x200000e9        0x3 
 .bss.stringPos
                0x200000ec        0x4 ./src/Bambihazi.o
                0x200000ec                stringPos
 .bss.cmuStatus
                0x200000f0        0x4 ./emlib/em_emu.o
 .bss.INT_LockCnt
                0x200000f4        0x4 ./emlib/em_int.o
                0x200000f4                INT_LockCnt
 .bss.channelValues
                0x200000f8       0x40 ./Drivers/caplesense.o
 .bss.lesenseScanCb
                0x20000138        0x4 ./Drivers/caplesense.o
 .bss.lesenseChCb
                0x2000013c        0x4 ./Drivers/caplesense.o
 .bss.currentChannel
                0x20000140        0x1 ./Drivers/caplesense.o
 *fill*         0x20000141        0x3 
 .bss.capsenseCalibrateVals.6039
                0x20000144        0x8 ./Drivers/caplesense.o
 *fill*         0x2000014c        0x4 
 .bss.timer     0x20000150       0x28 ./Drivers/rtcdriver.o
 .bss.lastStart
                0x20000178        0x4 ./Drivers/rtcdriver.o
 .bss.startTimerNestingLevel
                0x2000017c        0x4 ./Drivers/rtcdriver.o
 .bss.inTimerIRQ
                0x20000180        0x1 ./Drivers/rtcdriver.o
 .bss.rtcRunning
                0x20000181        0x1 ./Drivers/rtcdriver.o
 .bss.rtcdrvIsInitialized
                0x20000182        0x1 ./Drivers/rtcdriver.o
 *fill*         0x20000183        0x1 
 .bss.__malloc_sbrk_start
                0x20000184        0x4 c:/siliconlabs/simplicitystudio/v3/developer/toolchains/gnu_arm/4.8_2013q4/bin/../lib/gcc/arm-none-eabi/4.8.3/../../../../arm-none-eabi/lib/armv7-m\libc_s.a(lib_a-nano-mallocr.o)
                0x20000184                __malloc_sbrk_start
 .bss.__malloc_free_list
                0x20000188        0x4 c:/siliconlabs/simplicitystudio/v3/developer/toolchains/gnu_arm/4.8_2013q4/bin/../lib/gcc/arm-none-eabi/4.8.3/../../../../arm-none-eabi/lib/armv7-m\libc_s.a(lib_a-nano-mallocr.o)
                0x20000188                __malloc_free_list
 .bss.heap_end.4237
                0x2000018c        0x4 c:/siliconlabs/simplicitystudio/v3/developer/toolchains/gnu_arm/4.8_2013q4/bin/../lib/gcc/arm-none-eabi/4.8.3/../../../../arm-none-eabi/lib/armv7-m\libnosys.a(sbrk.o)
 *(COMMON)
 COMMON         0x20000190       0x18 ./src/Bambihazi.o
                0x20000190                segments
                0x200001a0                xTimerForString
                0x200001a4                xTimerForNewBanana
 COMMON         0x200001a8        0x4 ./CMSIS/efm32gg/system_efm32gg.o
                0x200001a8                SystemCoreClock
 COMMON         0x200001ac        0x4 c:/siliconlabs/simplicitystudio/v3/developer/toolchains/gnu_arm/4.8_2013q4/bin/../lib/gcc/arm-none-eabi/4.8.3/../../../../arm-none-eabi/lib/armv7-m\libc_s.a(lib_a-reent.o)
                0x200001ac                errno
                0x200001b0                . = ALIGN (0x4)
                0x200001b0                __bss_end__ = .

.heap           0x200001b0      0xc00
                0x200001b0                __HeapBase = .
                0x200001b0                __end__ = .
                0x200001b0                end = __end__
                0x200001b0                _end = __end__
 *(.heap*)
 .heap          0x200001b0      0xc00 ./CMSIS/efm32gg/startup_gcc_efm32gg.o
                0x20000db0                __HeapLimit = .

.stack_dummy    0x200001b0      0x400
 *(.stack*)
 .stack         0x200001b0      0x400 ./CMSIS/efm32gg/startup_gcc_efm32gg.o
                0x20020000                __StackTop = (ORIGIN (RAM) + 0x20000)
                0x2001fc00                __StackLimit = (__StackTop - SIZEOF (.stack_dummy))
                0x20020000                PROVIDE (__stack, __StackTop)
                0x00000001                ASSERT ((__StackLimit >= __HeapLimit), region RAM overflowed with stack)
                0x00000001                ASSERT ((0x100000 >= (__etext + SIZEOF (.data))), FLASH memory overflowed !)
OUTPUT(Bambihazi.axf elf32-littlearm)

.ARM.attributes
                0x00000000       0x29
 .ARM.attributes
                0x00000000       0x1d c:/siliconlabs/simplicitystudio/v3/developer/toolchains/gnu_arm/4.8_2013q4/bin/../lib/gcc/arm-none-eabi/4.8.3/armv7-m/crti.o
 .ARM.attributes
                0x0000001d       0x2d c:/siliconlabs/simplicitystudio/v3/developer/toolchains/gnu_arm/4.8_2013q4/bin/../lib/gcc/arm-none-eabi/4.8.3/armv7-m/crtbegin.o
 .ARM.attributes
                0x0000004a       0x1b c:/siliconlabs/simplicitystudio/v3/developer/toolchains/gnu_arm/4.8_2013q4/bin/../lib/gcc/arm-none-eabi/4.8.3/../../../../arm-none-eabi/lib/armv7-m/crt0.o
 .ARM.attributes
                0x00000065       0x33 ./src/Bambihazi.o
 .ARM.attributes
                0x00000098       0x33 ./src/InitDevice.o
 .ARM.attributes
                0x000000cb       0x33 ./emlib/em_acmp.o
 .ARM.attributes
                0x000000fe       0x33 ./emlib/em_cmu.o
 .ARM.attributes
                0x00000131       0x33 ./emlib/em_emu.o
 .ARM.attributes
                0x00000164       0x33 ./emlib/em_gpio.o
 .ARM.attributes
                0x00000197       0x33 ./emlib/em_int.o
 .ARM.attributes
                0x000001ca       0x33 ./emlib/em_lcd.o
 .ARM.attributes
                0x000001fd       0x33 ./emlib/em_lesense.o
 .ARM.attributes
                0x00000230       0x33 ./emlib/em_rtc.o
 .ARM.attributes
                0x00000263       0x33 ./emlib/em_system.o
 .ARM.attributes
                0x00000296       0x33 ./Drivers/caplesense.o
 .ARM.attributes
                0x000002c9       0x33 ./Drivers/rtcdriver.o
 .ARM.attributes
                0x000002fc       0x33 ./Drivers/segmentlcd.o
 .ARM.attributes
                0x0000032f       0x1b ./CMSIS/efm32gg/startup_gcc_efm32gg.o
 .ARM.attributes
                0x0000034a       0x33 ./CMSIS/efm32gg/system_efm32gg.o
 .ARM.attributes
                0x0000037d       0x1d c:/siliconlabs/simplicitystudio/v3/developer/toolchains/gnu_arm/4.8_2013q4/bin/../lib/gcc/arm-none-eabi/4.8.3/armv7-m\libgcc.a(_aeabi_uldivmod.o)
 .ARM.attributes
                0x0000039a       0x2d c:/siliconlabs/simplicitystudio/v3/developer/toolchains/gnu_arm/4.8_2013q4/bin/../lib/gcc/arm-none-eabi/4.8.3/armv7-m\libgcc.a(bpabi.o)
 .ARM.attributes
                0x000003c7       0x1d c:/siliconlabs/simplicitystudio/v3/developer/toolchains/gnu_arm/4.8_2013q4/bin/../lib/gcc/arm-none-eabi/4.8.3/armv7-m\libgcc.a(_dvmd_tls.o)
 .ARM.attributes
                0x000003e4       0x2d c:/siliconlabs/simplicitystudio/v3/developer/toolchains/gnu_arm/4.8_2013q4/bin/../lib/gcc/arm-none-eabi/4.8.3/armv7-m\libgcc.a(_divdi3.o)
 .ARM.attributes
                0x00000411       0x2d c:/siliconlabs/simplicitystudio/v3/developer/toolchains/gnu_arm/4.8_2013q4/bin/../lib/gcc/arm-none-eabi/4.8.3/armv7-m\libgcc.a(_udivdi3.o)
 .ARM.attributes
                0x0000043e       0x2d c:/siliconlabs/simplicitystudio/v3/developer/toolchains/gnu_arm/4.8_2013q4/bin/../lib/gcc/arm-none-eabi/4.8.3/../../../../arm-none-eabi/lib/armv7-m\libc_s.a(lib_a-abs.o)
 .ARM.attributes
                0x0000046b       0x2d c:/siliconlabs/simplicitystudio/v3/developer/toolchains/gnu_arm/4.8_2013q4/bin/../lib/gcc/arm-none-eabi/4.8.3/../../../../arm-none-eabi/lib/armv7-m\libc_s.a(lib_a-exit.o)
 .ARM.attributes
                0x00000498       0x2d c:/siliconlabs/simplicitystudio/v3/developer/toolchains/gnu_arm/4.8_2013q4/bin/../lib/gcc/arm-none-eabi/4.8.3/../../../../arm-none-eabi/lib/armv7-m\libc_s.a(lib_a-impure.o)
 .ARM.attributes
                0x000004c5       0x2d c:/siliconlabs/simplicitystudio/v3/developer/toolchains/gnu_arm/4.8_2013q4/bin/../lib/gcc/arm-none-eabi/4.8.3/../../../../arm-none-eabi/lib/armv7-m\libc_s.a(lib_a-init.o)
 .ARM.attributes
                0x000004f2       0x2d c:/siliconlabs/simplicitystudio/v3/developer/toolchains/gnu_arm/4.8_2013q4/bin/../lib/gcc/arm-none-eabi/4.8.3/../../../../arm-none-eabi/lib/armv7-m\libc_s.a(lib_a-memset.o)
 .ARM.attributes
                0x0000051f       0x2d c:/siliconlabs/simplicitystudio/v3/developer/toolchains/gnu_arm/4.8_2013q4/bin/../lib/gcc/arm-none-eabi/4.8.3/../../../../arm-none-eabi/lib/armv7-m\libc_s.a(lib_a-rand.o)
 .ARM.attributes
                0x0000054c       0x2d c:/siliconlabs/simplicitystudio/v3/developer/toolchains/gnu_arm/4.8_2013q4/bin/../lib/gcc/arm-none-eabi/4.8.3/../../../../arm-none-eabi/lib/armv7-m\libc_s.a(lib_a-strlen.o)
 .ARM.attributes
                0x00000579       0x2d c:/siliconlabs/simplicitystudio/v3/developer/toolchains/gnu_arm/4.8_2013q4/bin/../lib/gcc/arm-none-eabi/4.8.3/../../../../arm-none-eabi/lib/armv7-m\libc_s.a(lib_a-strncpy.o)
 .ARM.attributes
                0x000005a6       0x2d c:/siliconlabs/simplicitystudio/v3/developer/toolchains/gnu_arm/4.8_2013q4/bin/../lib/gcc/arm-none-eabi/4.8.3/../../../../arm-none-eabi/lib/armv7-m\libc_s.a(lib_a-malloc.o)
 .ARM.attributes
                0x000005d3       0x2d c:/siliconlabs/simplicitystudio/v3/developer/toolchains/gnu_arm/4.8_2013q4/bin/../lib/gcc/arm-none-eabi/4.8.3/../../../../arm-none-eabi/lib/armv7-m\libc_s.a(lib_a-nano-mallocr.o)
 .ARM.attributes
                0x00000600       0x2d c:/siliconlabs/simplicitystudio/v3/developer/toolchains/gnu_arm/4.8_2013q4/bin/../lib/gcc/arm-none-eabi/4.8.3/../../../../arm-none-eabi/lib/armv7-m\libc_s.a(lib_a-sbrkr.o)
 .ARM.attributes
                0x0000062d       0x2d c:/siliconlabs/simplicitystudio/v3/developer/toolchains/gnu_arm/4.8_2013q4/bin/../lib/gcc/arm-none-eabi/4.8.3/../../../../arm-none-eabi/lib/armv7-m\libc_s.a(lib_a-reent.o)
 .ARM.attributes
                0x0000065a       0x2d c:/siliconlabs/simplicitystudio/v3/developer/toolchains/gnu_arm/4.8_2013q4/bin/../lib/gcc/arm-none-eabi/4.8.3/../../../../arm-none-eabi/lib/armv7-m\libnosys.a(sbrk.o)
 .ARM.attributes
                0x00000687       0x2d c:/siliconlabs/simplicitystudio/v3/developer/toolchains/gnu_arm/4.8_2013q4/bin/../lib/gcc/arm-none-eabi/4.8.3/../../../../arm-none-eabi/lib/armv7-m\libnosys.a(_exit.o)
 .ARM.attributes
                0x000006b4       0x2d c:/siliconlabs/simplicitystudio/v3/developer/toolchains/gnu_arm/4.8_2013q4/bin/../lib/gcc/arm-none-eabi/4.8.3/armv7-m/crtend.o
 .ARM.attributes
                0x000006e1       0x1d c:/siliconlabs/simplicitystudio/v3/developer/toolchains/gnu_arm/4.8_2013q4/bin/../lib/gcc/arm-none-eabi/4.8.3/armv7-m/crtn.o

.comment        0x00000000       0x70
 .comment       0x00000000       0x70 ./src/Bambihazi.o
                                 0x71 (size before relaxing)
 .comment       0x00000000       0x71 ./src/InitDevice.o
 .comment       0x00000000       0x71 ./emlib/em_acmp.o
 .comment       0x00000000       0x71 ./emlib/em_cmu.o
 .comment       0x00000000       0x71 ./emlib/em_emu.o
 .comment       0x00000000       0x71 ./emlib/em_gpio.o
 .comment       0x00000000       0x71 ./emlib/em_int.o
 .comment       0x00000000       0x71 ./emlib/em_lcd.o
 .comment       0x00000000       0x71 ./emlib/em_lesense.o
 .comment       0x00000000       0x71 ./emlib/em_rtc.o
 .comment       0x00000000       0x71 ./emlib/em_system.o
 .comment       0x00000000       0x71 ./Drivers/caplesense.o
 .comment       0x00000000       0x71 ./Drivers/rtcdriver.o
 .comment       0x00000000       0x71 ./Drivers/segmentlcd.o
 .comment       0x00000000       0x71 ./CMSIS/efm32gg/system_efm32gg.o

.debug_info     0x00000000     0xa632
 .debug_info    0x00000000      0xbfe ./src/Bambihazi.o
 .debug_info    0x00000bfe      0x9eb ./src/InitDevice.o
 .debug_info    0x000015e9      0x626 ./emlib/em_acmp.o
 .debug_info    0x00001c0f     0x14d4 ./emlib/em_cmu.o
 .debug_info    0x000030e3      0xd7c ./emlib/em_emu.o
 .debug_info    0x00003e5f      0x644 ./emlib/em_gpio.o
 .debug_info    0x000044a3       0xa2 ./emlib/em_int.o
 .debug_info    0x00004545      0xa28 ./emlib/em_lcd.o
 .debug_info    0x00004f6d     0x13fb ./emlib/em_lesense.o
 .debug_info    0x00006368      0x329 ./emlib/em_rtc.o
 .debug_info    0x00006691      0x241 ./emlib/em_system.o
 .debug_info    0x000068d2     0x1729 ./Drivers/caplesense.o
 .debug_info    0x00007ffb      0xd23 ./Drivers/rtcdriver.o
 .debug_info    0x00008d1e     0x1316 ./Drivers/segmentlcd.o
 .debug_info    0x0000a034       0x9d ./CMSIS/efm32gg/startup_gcc_efm32gg.o
 .debug_info    0x0000a0d1      0x561 ./CMSIS/efm32gg/system_efm32gg.o

.debug_abbrev   0x00000000     0x1c40
 .debug_abbrev  0x00000000      0x27a ./src/Bambihazi.o
 .debug_abbrev  0x0000027a      0x136 ./src/InitDevice.o
 .debug_abbrev  0x000003b0      0x1b9 ./emlib/em_acmp.o
 .debug_abbrev  0x00000569      0x2f6 ./emlib/em_cmu.o
 .debug_abbrev  0x0000085f      0x252 ./emlib/em_emu.o
 .debug_abbrev  0x00000ab1      0x1cd ./emlib/em_gpio.o
 .debug_abbrev  0x00000c7e       0x5a ./emlib/em_int.o
 .debug_abbrev  0x00000cd8      0x1c0 ./emlib/em_lcd.o
 .debug_abbrev  0x00000e98      0x22e ./emlib/em_lesense.o
 .debug_abbrev  0x000010c6      0x196 ./emlib/em_rtc.o
 .debug_abbrev  0x0000125c       0xed ./emlib/em_system.o
 .debug_abbrev  0x00001349      0x2dc ./Drivers/caplesense.o
 .debug_abbrev  0x00001625      0x2cb ./Drivers/rtcdriver.o
 .debug_abbrev  0x000018f0      0x1cf ./Drivers/segmentlcd.o
 .debug_abbrev  0x00001abf       0x14 ./CMSIS/efm32gg/startup_gcc_efm32gg.o
 .debug_abbrev  0x00001ad3      0x16d ./CMSIS/efm32gg/system_efm32gg.o

.debug_loc      0x00000000     0x35c4
 .debug_loc     0x00000000      0x382 ./src/Bambihazi.o
 .debug_loc     0x00000382      0x668 ./src/InitDevice.o
 .debug_loc     0x000009ea      0x230 ./emlib/em_acmp.o
 .debug_loc     0x00000c1a      0x8d0 ./emlib/em_cmu.o
 .debug_loc     0x000014ea      0x3b4 ./emlib/em_emu.o
 .debug_loc     0x0000189e      0x268 ./emlib/em_gpio.o
 .debug_loc     0x00001b06      0x3b8 ./emlib/em_lcd.o
 .debug_loc     0x00001ebe      0x494 ./emlib/em_lesense.o
 .debug_loc     0x00002352      0x1a8 ./emlib/em_rtc.o
 .debug_loc     0x000024fa       0x70 ./emlib/em_system.o
 .debug_loc     0x0000256a      0x4aa ./Drivers/caplesense.o
 .debug_loc     0x00002a14      0x508 ./Drivers/rtcdriver.o
 .debug_loc     0x00002f1c      0x494 ./Drivers/segmentlcd.o
 .debug_loc     0x000033b0      0x214 ./CMSIS/efm32gg/system_efm32gg.o

.debug_aranges  0x00000000      0x9c0
 .debug_aranges
                0x00000000       0x98 ./src/Bambihazi.o
 .debug_aranges
                0x00000098      0x140 ./src/InitDevice.o
 .debug_aranges
                0x000001d8       0x68 ./emlib/em_acmp.o
 .debug_aranges
                0x00000240      0x168 ./emlib/em_cmu.o
 .debug_aranges
                0x000003a8       0xa8 ./emlib/em_emu.o
 .debug_aranges
                0x00000450       0x70 ./emlib/em_gpio.o
 .debug_aranges
                0x000004c0       0x18 ./emlib/em_int.o
 .debug_aranges
                0x000004d8       0xa0 ./emlib/em_lcd.o
 .debug_aranges
                0x00000578       0xc8 ./emlib/em_lesense.o
 .debug_aranges
                0x00000640       0x58 ./emlib/em_rtc.o
 .debug_aranges
                0x00000698       0x28 ./emlib/em_system.o
 .debug_aranges
                0x000006c0       0xd0 ./Drivers/caplesense.o
 .debug_aranges
                0x00000790       0xd8 ./Drivers/rtcdriver.o
 .debug_aranges
                0x00000868       0xc8 ./Drivers/segmentlcd.o
 .debug_aranges
                0x00000930       0x20 ./CMSIS/efm32gg/startup_gcc_efm32gg.o
 .debug_aranges
                0x00000950       0x70 ./CMSIS/efm32gg/system_efm32gg.o

.debug_ranges   0x00000000      0x8a8
 .debug_ranges  0x00000000       0x88 ./src/Bambihazi.o
 .debug_ranges  0x00000088      0x130 ./src/InitDevice.o
 .debug_ranges  0x000001b8       0x58 ./emlib/em_acmp.o
 .debug_ranges  0x00000210      0x158 ./emlib/em_cmu.o
 .debug_ranges  0x00000368       0x98 ./emlib/em_emu.o
 .debug_ranges  0x00000400       0x60 ./emlib/em_gpio.o
 .debug_ranges  0x00000460       0x90 ./emlib/em_lcd.o
 .debug_ranges  0x000004f0       0xb8 ./emlib/em_lesense.o
 .debug_ranges  0x000005a8       0x48 ./emlib/em_rtc.o
 .debug_ranges  0x000005f0       0x18 ./emlib/em_system.o
 .debug_ranges  0x00000608       0xc0 ./Drivers/caplesense.o
 .debug_ranges  0x000006c8       0xc8 ./Drivers/rtcdriver.o
 .debug_ranges  0x00000790       0xb8 ./Drivers/segmentlcd.o
 .debug_ranges  0x00000848       0x60 ./CMSIS/efm32gg/system_efm32gg.o

.debug_line     0x00000000     0x441d
 .debug_line    0x00000000      0x53c ./src/Bambihazi.o
 .debug_line    0x0000053c      0x491 ./src/InitDevice.o
 .debug_line    0x000009cd      0x36a ./emlib/em_acmp.o
 .debug_line    0x00000d37      0x97f ./emlib/em_cmu.o
 .debug_line    0x000016b6      0x4ba ./emlib/em_emu.o
 .debug_line    0x00001b70      0x384 ./emlib/em_gpio.o
 .debug_line    0x00001ef4      0x132 ./emlib/em_int.o
 .debug_line    0x00002026      0x43d ./emlib/em_lcd.o
 .debug_line    0x00002463      0x607 ./emlib/em_lesense.o
 .debug_line    0x00002a6a      0x2cb ./emlib/em_rtc.o
 .debug_line    0x00002d35      0x24f ./emlib/em_system.o
 .debug_line    0x00002f84      0x554 ./Drivers/caplesense.o
 .debug_line    0x000034d8      0x61f ./Drivers/rtcdriver.o
 .debug_line    0x00003af7      0x63c ./Drivers/segmentlcd.o
 .debug_line    0x00004133       0x72 ./CMSIS/efm32gg/startup_gcc_efm32gg.o
 .debug_line    0x000041a5      0x278 ./CMSIS/efm32gg/system_efm32gg.o

.debug_str      0x00000000     0x4be2
 .debug_str     0x00000000      0x909 ./src/Bambihazi.o
                                0x97c (size before relaxing)
 .debug_str     0x00000909      0x8b8 ./src/InitDevice.o
                                0xc11 (size before relaxing)
 .debug_str     0x000011c1      0x481 ./emlib/em_acmp.o
                                0x633 (size before relaxing)
 .debug_str     0x00001642      0x9d2 ./emlib/em_cmu.o
                               0x1022 (size before relaxing)
 .debug_str     0x00002014      0x45d ./emlib/em_emu.o
                                0x826 (size before relaxing)
 .debug_str     0x00002471      0x2ec ./emlib/em_gpio.o
                                0x5d6 (size before relaxing)
 .debug_str     0x0000275d       0x5a ./emlib/em_int.o
                                0x1d6 (size before relaxing)
 .debug_str     0x000027b7      0x6df ./emlib/em_lcd.o
                                0x8cf (size before relaxing)
 .debug_str     0x00002e96     0x1125 ./emlib/em_lesense.o
                               0x1578 (size before relaxing)
 .debug_str     0x00003fbb       0xd1 ./emlib/em_rtc.o
                                0x2bc (size before relaxing)
 .debug_str     0x0000408c       0xb7 ./emlib/em_system.o
                                0x2a8 (size before relaxing)
 .debug_str     0x00004143      0x326 ./Drivers/caplesense.o
                               0x1adf (size before relaxing)
 .debug_str     0x00004469      0x31a ./Drivers/rtcdriver.o
                                0xb95 (size before relaxing)
 .debug_str     0x00004783      0x353 ./Drivers/segmentlcd.o
                                0xe0a (size before relaxing)
 .debug_str     0x00004ad6      0x10c ./CMSIS/efm32gg/system_efm32gg.o
                                0x497 (size before relaxing)

.debug_frame    0x00000000     0x2118
 .debug_frame   0x00000000      0x1fc ./src/Bambihazi.o
 .debug_frame   0x000001fc      0x39c ./src/InitDevice.o
 .debug_frame   0x00000598      0x138 ./emlib/em_acmp.o
 .debug_frame   0x000006d0      0x4dc ./emlib/em_cmu.o
 .debug_frame   0x00000bac      0x210 ./emlib/em_emu.o
 .debug_frame   0x00000dbc      0x154 ./emlib/em_gpio.o
 .debug_frame   0x00000f10      0x1fc ./emlib/em_lcd.o
 .debug_frame   0x0000110c      0x284 ./emlib/em_lesense.o
 .debug_frame   0x00001390       0xf0 ./emlib/em_rtc.o
 .debug_frame   0x00001480       0x48 ./emlib/em_system.o
 .debug_frame   0x000014c8      0x298 ./Drivers/caplesense.o
 .debug_frame   0x00001760      0x2e4 ./Drivers/rtcdriver.o
 .debug_frame   0x00001a44      0x2ac ./Drivers/segmentlcd.o
 .debug_frame   0x00001cf0      0x138 ./CMSIS/efm32gg/system_efm32gg.o
 .debug_frame   0x00001e28       0x58 c:/siliconlabs/simplicitystudio/v3/developer/toolchains/gnu_arm/4.8_2013q4/bin/../lib/gcc/arm-none-eabi/4.8.3/armv7-m\libgcc.a(bpabi.o)
 .debug_frame   0x00001e80       0x34 c:/siliconlabs/simplicitystudio/v3/developer/toolchains/gnu_arm/4.8_2013q4/bin/../lib/gcc/arm-none-eabi/4.8.3/armv7-m\libgcc.a(_divdi3.o)
 .debug_frame   0x00001eb4       0x34 c:/siliconlabs/simplicitystudio/v3/developer/toolchains/gnu_arm/4.8_2013q4/bin/../lib/gcc/arm-none-eabi/4.8.3/armv7-m\libgcc.a(_udivdi3.o)
 .debug_frame   0x00001ee8       0x20 c:/siliconlabs/simplicitystudio/v3/developer/toolchains/gnu_arm/4.8_2013q4/bin/../lib/gcc/arm-none-eabi/4.8.3/../../../../arm-none-eabi/lib/armv7-m\libc_s.a(lib_a-abs.o)
 .debug_frame   0x00001f08       0x28 c:/siliconlabs/simplicitystudio/v3/developer/toolchains/gnu_arm/4.8_2013q4/bin/../lib/gcc/arm-none-eabi/4.8.3/../../../../arm-none-eabi/lib/armv7-m\libc_s.a(lib_a-exit.o)
 .debug_frame   0x00001f30       0x2c c:/siliconlabs/simplicitystudio/v3/developer/toolchains/gnu_arm/4.8_2013q4/bin/../lib/gcc/arm-none-eabi/4.8.3/../../../../arm-none-eabi/lib/armv7-m\libc_s.a(lib_a-init.o)
 .debug_frame   0x00001f5c       0x20 c:/siliconlabs/simplicitystudio/v3/developer/toolchains/gnu_arm/4.8_2013q4/bin/../lib/gcc/arm-none-eabi/4.8.3/../../../../arm-none-eabi/lib/armv7-m\libc_s.a(lib_a-memset.o)
 .debug_frame   0x00001f7c       0x44 c:/siliconlabs/simplicitystudio/v3/developer/toolchains/gnu_arm/4.8_2013q4/bin/../lib/gcc/arm-none-eabi/4.8.3/../../../../arm-none-eabi/lib/armv7-m\libc_s.a(lib_a-rand.o)
 .debug_frame   0x00001fc0       0x20 c:/siliconlabs/simplicitystudio/v3/developer/toolchains/gnu_arm/4.8_2013q4/bin/../lib/gcc/arm-none-eabi/4.8.3/../../../../arm-none-eabi/lib/armv7-m\libc_s.a(lib_a-strlen.o)
 .debug_frame   0x00001fe0       0x28 c:/siliconlabs/simplicitystudio/v3/developer/toolchains/gnu_arm/4.8_2013q4/bin/../lib/gcc/arm-none-eabi/4.8.3/../../../../arm-none-eabi/lib/armv7-m\libc_s.a(lib_a-strncpy.o)
 .debug_frame   0x00002008       0x30 c:/siliconlabs/simplicitystudio/v3/developer/toolchains/gnu_arm/4.8_2013q4/bin/../lib/gcc/arm-none-eabi/4.8.3/../../../../arm-none-eabi/lib/armv7-m\libc_s.a(lib_a-malloc.o)
 .debug_frame   0x00002038       0x2c c:/siliconlabs/simplicitystudio/v3/developer/toolchains/gnu_arm/4.8_2013q4/bin/../lib/gcc/arm-none-eabi/4.8.3/../../../../arm-none-eabi/lib/armv7-m\libc_s.a(lib_a-nano-mallocr.o)
 .debug_frame   0x00002064       0x2c c:/siliconlabs/simplicitystudio/v3/developer/toolchains/gnu_arm/4.8_2013q4/bin/../lib/gcc/arm-none-eabi/4.8.3/../../../../arm-none-eabi/lib/armv7-m\libc_s.a(lib_a-sbrkr.o)
 .debug_frame   0x00002090       0x48 c:/siliconlabs/simplicitystudio/v3/developer/toolchains/gnu_arm/4.8_2013q4/bin/../lib/gcc/arm-none-eabi/4.8.3/../../../../arm-none-eabi/lib/armv7-m\libc_s.a(lib_a-reent.o)
 .debug_frame   0x000020d8       0x20 c:/siliconlabs/simplicitystudio/v3/developer/toolchains/gnu_arm/4.8_2013q4/bin/../lib/gcc/arm-none-eabi/4.8.3/../../../../arm-none-eabi/lib/armv7-m\libnosys.a(sbrk.o)
 .debug_frame   0x000020f8       0x20 c:/siliconlabs/simplicitystudio/v3/developer/toolchains/gnu_arm/4.8_2013q4/bin/../lib/gcc/arm-none-eabi/4.8.3/../../../../arm-none-eabi/lib/armv7-m\libnosys.a(_exit.o)
